// Jest Snapshot v1, https://goo.gl/fbAQLP

exports[`Pruebas en FirstApp debe hacer match con el snapshot 1`] = `
<div>
  <div
    data-testid="test-title"
  >
    Es un titulo
  </div>
  <p>
    No hay Subtitulo
  </p>
  <p>
     
    No hay nombre
     
  </p>
</div>
`;
